Archive member included to satisfy reference by file (symbol)

C:/ST/STM32CubeIDE_2.1.1/STM32CubeIDE/plugins/com.st.stm32cube.ide.mcu.externaltools.gnu-tools-for-stm32.14.3.rel1.win32_1.0.100.202602081740/tools/bin/../lib/gcc/arm-none-eabi/14.3.1/../../../../arm-none-eabi/lib/thumb/v7e-m+fp/hard\libc_nano.a(libc_a-exit.o)
                              C:/ST/STM32CubeIDE_2.1.1/STM32CubeIDE/plugins/com.st.stm32cube.ide.mcu.externaltools.gnu-tools-for-stm32.14.3.rel1.win32_1.0.100.202602081740/tools/bin/../lib/gcc/arm-none-eabi/14.3.1/../../../../arm-none-eabi/lib/thumb/v7e-m+fp/hard/crt0.o (exit)
C:/ST/STM32CubeIDE_2.1.1/STM32CubeIDE/plugins/com.st.stm32cube.ide.mcu.externaltools.gnu-tools-for-stm32.14.3.rel1.win32_1.0.100.202602081740/tools/bin/../lib/gcc/arm-none-eabi/14.3.1/../../../../arm-none-eabi/lib/thumb/v7e-m+fp/hard\libc_nano.a(libc_a-findfp.o)
                              C:/ST/STM32CubeIDE_2.1.1/STM32CubeIDE/plugins/com.st.stm32cube.ide.mcu.externaltools.gnu-tools-for-stm32.14.3.rel1.win32_1.0.100.202602081740/tools/bin/../lib/gcc/arm-none-eabi/14.3.1/../../../../arm-none-eabi/lib/thumb/v7e-m+fp/hard\libc_nano.a(libc_a-exit.o) (__stdio_exit_handler)
C:/ST/STM32CubeIDE_2.1.1/STM32CubeIDE/plugins/com.st.stm32cube.ide.mcu.externaltools.gnu-tools-for-stm32.14.3.rel1.win32_1.0.100.202602081740/tools/bin/../lib/gcc/arm-none-eabi/14.3.1/../../../../arm-none-eabi/lib/thumb/v7e-m+fp/hard\libc_nano.a(libc_a-fwalk.o)
                              C:/ST/STM32CubeIDE_2.1.1/STM32CubeIDE/plugins/com.st.stm32cube.ide.mcu.externaltools.gnu-tools-for-stm32.14.3.rel1.win32_1.0.100.202602081740/tools/bin/../lib/gcc/arm-none-eabi/14.3.1/../../../../arm-none-eabi/lib/thumb/v7e-m+fp/hard\libc_nano.a(libc_a-findfp.o) (_fwalk_sglue)
C:/ST/STM32CubeIDE_2.1.1/STM32CubeIDE/plugins/com.st.stm32cube.ide.mcu.externaltools.gnu-tools-for-stm32.14.3.rel1.win32_1.0.100.202602081740/tools/bin/../lib/gcc/arm-none-eabi/14.3.1/../../../../arm-none-eabi/lib/thumb/v7e-m+fp/hard\libc_nano.a(libc_a-stdio.o)
                              C:/ST/STM32CubeIDE_2.1.1/STM32CubeIDE/plugins/com.st.stm32cube.ide.mcu.externaltools.gnu-tools-for-stm32.14.3.rel1.win32_1.0.100.202602081740/tools/bin/../lib/gcc/arm-none-eabi/14.3.1/../../../../arm-none-eabi/lib/thumb/v7e-m+fp/hard\libc_nano.a(libc_a-findfp.o) (__sread)
C:/ST/STM32CubeIDE_2.1.1/STM32CubeIDE/plugins/com.st.stm32cube.ide.mcu.externaltools.gnu-tools-for-stm32.14.3.rel1.win32_1.0.100.202602081740/tools/bin/../lib/gcc/arm-none-eabi/14.3.1/../../../../arm-none-eabi/lib/thumb/v7e-m+fp/hard\libc_nano.a(libc_a-memset.o)
                              C:/ST/STM32CubeIDE_2.1.1/STM32CubeIDE/plugins/com.st.stm32cube.ide.mcu.externaltools.gnu-tools-for-stm32.14.3.rel1.win32_1.0.100.202602081740/tools/bin/../lib/gcc/arm-none-eabi/14.3.1/../../../../arm-none-eabi/lib/thumb/v7e-m+fp/hard/crt0.o (memset)
C:/ST/STM32CubeIDE_2.1.1/STM32CubeIDE/plugins/com.st.stm32cube.ide.mcu.externaltools.gnu-tools-for-stm32.14.3.rel1.win32_1.0.100.202602081740/tools/bin/../lib/gcc/arm-none-eabi/14.3.1/../../../../arm-none-eabi/lib/thumb/v7e-m+fp/hard\libc_nano.a(libc_a-closer.o)
                              C:/ST/STM32CubeIDE_2.1.1/STM32CubeIDE/plugins/com.st.stm32cube.ide.mcu.externaltools.gnu-tools-for-stm32.14.3.rel1.win32_1.0.100.202602081740/tools/bin/../lib/gcc/arm-none-eabi/14.3.1/../../../../arm-none-eabi/lib/thumb/v7e-m+fp/hard\libc_nano.a(libc_a-stdio.o) (_close_r)
C:/ST/STM32CubeIDE_2.1.1/STM32CubeIDE/plugins/com.st.stm32cube.ide.mcu.externaltools.gnu-tools-for-stm32.14.3.rel1.win32_1.0.100.202602081740/tools/bin/../lib/gcc/arm-none-eabi/14.3.1/../../../../arm-none-eabi/lib/thumb/v7e-m+fp/hard\libc_nano.a(libc_a-reent.o)
                              C:/ST/STM32CubeIDE_2.1.1/STM32CubeIDE/plugins/com.st.stm32cube.ide.mcu.externaltools.gnu-tools-for-stm32.14.3.rel1.win32_1.0.100.202602081740/tools/bin/../lib/gcc/arm-none-eabi/14.3.1/../../../../arm-none-eabi/lib/thumb/v7e-m+fp/hard\libc_nano.a(libc_a-closer.o) (errno)
C:/ST/STM32CubeIDE_2.1.1/STM32CubeIDE/plugins/com.st.stm32cube.ide.mcu.externaltools.gnu-tools-for-stm32.14.3.rel1.win32_1.0.100.202602081740/tools/bin/../lib/gcc/arm-none-eabi/14.3.1/../../../../arm-none-eabi/lib/thumb/v7e-m+fp/hard\libc_nano.a(libc_a-impure.o)
                              C:/ST/STM32CubeIDE_2.1.1/STM32CubeIDE/plugins/com.st.stm32cube.ide.mcu.externaltools.gnu-tools-for-stm32.14.3.rel1.win32_1.0.100.202602081740/tools/bin/../lib/gcc/arm-none-eabi/14.3.1/../../../../arm-none-eabi/lib/thumb/v7e-m+fp/hard\libc_nano.a(libc_a-reent.o) (_impure_ptr)
C:/ST/STM32CubeIDE_2.1.1/STM32CubeIDE/plugins/com.st.stm32cube.ide.mcu.externaltools.gnu-tools-for-stm32.14.3.rel1.win32_1.0.100.202602081740/tools/bin/../lib/gcc/arm-none-eabi/14.3.1/../../../../arm-none-eabi/lib/thumb/v7e-m+fp/hard\libc_nano.a(libc_a-lseekr.o)
[...]
Memory Configuration

Name             Origin             Length             Attributes
RAM              0x20000000         0x00020000         xrw
FLASH            0x08000000         0x00080000         xr
*default*        0x00000000         0xffffffff

Linker script and memory map

LOAD C:/ST/STM32CubeIDE_2.1.1/STM32CubeIDE/plugins/com.st.stm32cube.ide.mcu.externaltools.gnu-tools-for-stm32.14.3.rel1.win32_1.0.100.202602081740/tools/bin/../lib/gcc/arm-none-eabi/14.3.1/thumb/v7e-m+fp/hard/crti.o
LOAD C:/ST/STM32CubeIDE_2.1.1/STM32CubeIDE/plugins/com.st.stm32cube.ide.mcu.externaltools.gnu-tools-for-stm32.14.3.rel1.win32_1.0.100.202602081740/tools/bin/../lib/gcc/arm-none-eabi/14.3.1/thumb/v7e-m+fp/hard/crtbegin.o
LOAD C:/ST/STM32CubeIDE_2.1.1/STM32CubeIDE/plugins/com.st.stm32cube.ide.mcu.externaltools.gnu-tools-for-stm32.14.3.rel1.win32_1.0.100.202602081740/tools/bin/../lib/gcc/arm-none-eabi/14.3.1/../../../../arm-none-eabi/lib/thumb/v7e-m+fp/hard/crt0.o
LOAD ./Core/Src/central_dados.o
LOAD ./Core/Src/main.o
LOAD ./Core/Src/maquina_estados.o
LOAD ./Core/Src/stm32f4xx_hal_msp.o
LOAD ./Core/Src/stm32f4xx_it.o
LOAD ./Core/Src/syscalls.o
LOAD ./Core/Src/sysmem.o
LOAD ./Core/Src/system_stm32f4xx.o
LOAD ./Core/Src/tracao.o
LOAD ./Core/Startup/startup_stm32f411ceux.o
LOAD ./Drivers/STM32F4xx_HAL_Driver/Src/stm32f4xx_hal.o
LOAD ./Drivers/STM32F4xx_HAL_Driver/Src/stm32f4xx_hal_adc.o
LOAD ./Drivers/STM32F4xx_HAL_Driver/Src/stm32f4xx_hal_adc_ex.o
LOAD ./Drivers/STM32F4xx_HAL_Driver/Src/stm32f4xx_hal_cortex.o
LOAD ./Drivers/STM32F4xx_HAL_Driver/Src/stm32f4xx_hal_dma.o
LOAD ./Drivers/STM32F4xx_HAL_Driver/Src/stm32f4xx_hal_dma_ex.o
LOAD ./Drivers/STM32F4xx_HAL_Driver/Src/stm32f4xx_hal_exti.o
LOAD ./Drivers/STM32F4xx_HAL_Driver/Src/stm32f4xx_hal_flash.o
LOAD ./Drivers/STM32F4xx_HAL_Driver/Src/stm32f4xx_hal_flash_ex.o
LOAD ./Drivers/STM32F4xx_HAL_Driver/Src/stm32f4xx_hal_flash_ramfunc.o
LOAD ./Drivers/STM32F4xx_HAL_Driver/Src/stm32f4xx_hal_gpio.o
LOAD ./Drivers/STM32F4xx_HAL_Driver/Src/stm32f4xx_hal_pwr.o
LOAD ./Drivers/STM32F4xx_HAL_Driver/Src/stm32f4xx_hal_pwr_ex.o
LOAD ./Drivers/STM32F4xx_HAL_Driver/Src/stm32f4xx_hal_rcc.o
LOAD ./Drivers/STM32F4xx_HAL_Driver/Src/stm32f4xx_hal_rcc_ex.o
LOAD ./Drivers/STM32F4xx_HAL_Driver/Src/stm32f4xx_hal_tim.o
LOAD ./Drivers/STM32F4xx_HAL_Driver/Src/stm32f4xx_hal_tim_ex.o
START GROUP
LOAD C:/ST/STM32CubeIDE_2.1.1/STM32CubeIDE/plugins/com.st.stm32cube.ide.mcu.externaltools.gnu-tools-for-stm32.14.3.rel1.win32_1.0.100.202602081740/tools/bin/../lib/gcc/arm-none-eabi/14.3.1/../../../../arm-none-eabi/lib/thumb/v7e-m+fp/hard\libc_nano.a
LOAD C:/ST/STM32CubeIDE_2.1.1/STM32CubeIDE/plugins/com.st.stm32cube.ide.mcu.externaltools.gnu-tools-for-stm32.14.3.rel1.win32_1.0.100.202602081740/tools/bin/../lib/gcc/arm-none-eabi/14.3.1/../../../../arm-none-eabi/lib/thumb/v7e-m+fp/hard\libm.a
END GROUP
START GROUP
LOAD C:/ST/STM32CubeIDE_2.1.1/STM32CubeIDE/plugins/com.st.stm32cube.ide.mcu.externaltools.gnu-tools-for-stm32.14.3.rel1.win32_1.0.100.202602081740/tools/bin/../lib/gcc/arm-none-eabi/14.3.1/thumb/v7e-m+fp/hard\libgcc.a
LOAD C:/ST/STM32CubeIDE_2.1.1/STM32CubeIDE/plugins/com.st.stm32cube.ide.mcu.externaltools.gnu-tools-for-stm32.14.3.rel1.win32_1.0.100.202602081740/tools/bin/../lib/gcc/arm-none-eabi/14.3.1/../../../../arm-none-eabi/lib/thumb/v7e-m+fp/hard\libc_nano.a
END GROUP
START GROUP
LOAD C:/ST/STM32CubeIDE_2.1.1/STM32CubeIDE/plugins/com.st.stm32cube.ide.mcu.externaltools.gnu-tools-for-stm32.14.3.rel1.win32_1.0.100.202602081740/tools/bin/../lib/gcc/arm-none-eabi/14.3.1/thumb/v7e-m+fp/hard\libgcc.a
LOAD C:/ST/STM32CubeIDE_2.1.1/STM32CubeIDE/plugins/com.st.stm32cube.ide.mcu.externaltools.gnu-tools-for-stm32.14.3.rel1.win32_1.0.100.202602081740/tools/bin/../lib/gcc/arm-none-eabi/14.3.1/../../../../arm-none-eabi/lib/thumb/v7e-m+fp/hard\libc_nano.a
LOAD C:/ST/STM32CubeIDE_2.1.1/STM32CubeIDE/plugins/com.st.stm32cube.ide.mcu.externaltools.gnu-tools-for-stm32.14.3.rel1.win32_1.0.100.202602081740/tools/bin/../lib/gcc/arm-none-eabi/14.3.1/../../../../arm-none-eabi/lib/thumb/v7e-m+fp/hard\libnosys.a
END GROUP
START GROUP
LOAD C:/ST/STM32CubeIDE_2.1.1/STM32CubeIDE/plugins/com.st.stm32cube.ide.mcu.externaltools.gnu-tools-for-stm32.14.3.rel1.win32_1.0.100.202602081740/tools/bin/../lib/gcc/arm-none-eabi/14.3.1/thumb/v7e-m+fp/hard\libgcc.a
LOAD C:/ST/STM32CubeIDE_2.1.1/STM32CubeIDE/plugins/com.st.stm32cube.ide.mcu.externaltools.gnu-tools-for-stm32.14.3.rel1.win32_1.0.100.202602081740/tools/bin/../lib/gcc/arm-none-eabi/14.3.1/../../../../arm-none-eabi/lib/thumb/v7e-m+fp/hard\libc_nano.a
LOAD C:/ST/STM32CubeIDE_2.1.1/STM32CubeIDE/plugins/com.st.stm32cube.ide.mcu.externaltools.gnu-tools-for-stm32.14.3.rel1.win32_1.0.100.202602081740/tools/bin/../lib/gcc/arm-none-eabi/14.3.1/../../../../arm-none-eabi/lib/thumb/v7e-m+fp/hard\libnosys.a
END GROUP
LOAD C:/ST/STM32CubeIDE_2.1.1/STM32CubeIDE/plugins/com.st.stm32cube.ide.mcu.externaltools.gnu-tools-for-stm32.14.3.rel1.win32_1.0.100.202602081740/tools/bin/../lib/gcc/arm-none-eabi/14.3.1/thumb/v7e-m+fp/hard/crtend.o
LOAD C:/ST/STM32CubeIDE_2.1.1/STM32CubeIDE/plugins/com.st.stm32cube.ide.mcu.externaltools.gnu-tools-for-stm32.14.3.rel1.win32_1.0.100.202602081740/tools/bin/../lib/gcc/arm-none-eabi/14.3.1/thumb/v7e-m+fp/hard/crtn.o
                0x20020000                        _estack = (ORIGIN (RAM) + LENGTH (RAM))
                0x00000200                        _Min_Heap_Size = 0x200
                0x00000400                        _Min_Stack_Size = 0x400

.isr_vector     0x08000000      0x198
                0x08000000                        . = ALIGN (0x4)
 *(.isr_vector)
 .isr_vector    0x08000000      0x198 ./Core/Startup/startup_stm32f411ceux.o
                0x08000000                g_pfnVectors
                0x08000198                        . = ALIGN (0x4)

.text           0x08000198     0x4b70
                0x08000198                        . = ALIGN (0x4)
 *(.text)
 .text          0x08000198       0x40 C:/ST/STM32CubeIDE_2.1.1/STM32CubeIDE/plugins/com.st.stm32cube.ide.mcu.externaltools.gnu-tools-for-stm32.14.3.rel1.win32_1.0.100.202602081740/tools/bin/../lib/gcc/arm-none-eabi/14.3.1/thumb/v7e-m+fp/hard/crtbegin.o
 .text          0x080001d8       0x30 C:/ST/STM32CubeIDE_2.1.1/STM32CubeIDE/plugins/com.st.stm32cube.ide.mcu.externaltools.gnu-tools-for-stm32.14.3.rel1.win32_1.0.100.202602081740/tools/bin/../lib/gcc/arm-none-eabi/14.3.1/thumb/v7e-m+fp/hard\libgcc.a(_aeabi_uldivmod.o)
                0x080001d8                __aeabi_uldivmod
 .text          0x08000208      0x2f8 C:/ST/STM32CubeIDE_2.1.1/STM32CubeIDE/plugins/com.st.stm32cube.ide.mcu.externaltools.gnu-tools-for-stm32.14.3.rel1.win32_1.0.100.202602081740/tools/bin/../lib/gcc/arm-none-eabi/14.3.1/thumb/v7e-m+fp/hard\libgcc.a(_udivmoddi4.o)
                0x08000208                __udivmoddi4
 .text          0x08000500        0x4 C:/ST/STM32CubeIDE_2.1.1/STM32CubeIDE/plugins/com.st.stm32cube.ide.mcu.externaltools.gnu-tools-for-stm32.14.3.rel1.win32_1.0.100.202602081740/tools/bin/../lib/gcc/arm-none-eabi/14.3.1/thumb/v7e-m+fp/hard\libgcc.a(_dvmd_tls.o)
                0x08000500                __aeabi_idiv0
                0x08000500                __aeabi_ldiv0
 *(.text*)
 .text.main     0x08000504       0xbc ./Core/Src/main.o
                0x08000504                main
 .text.SystemClock_Config
                0x080005c0       0xd0 ./Core/Src/main.o
                0x080005c0                SystemClock_Config
 .text.MX_ADC1_Init
                0x08000690       0xc8 ./Core/Src/main.o
 .text.MX_TIM1_Init
                0x08000758      0x140 ./Core/Src/main.o
 .text.MX_TIM2_Init
                0x08000898       0xa4 ./Core/Src/main.o
 .text.MX_TIM3_Init
                0x0800093c       0x9c ./Core/Src/main.o
 .text.MX_TIM5_Init
                0x080009d8       0xa8 ./Core/Src/main.o
 .text.MX_TIM10_Init
                0x08000a80       0x48 ./Core/Src/main.o
 .text.MX_TIM11_Init
                0x08000ac8       0x48 ./Core/Src/main.o
 .text.MX_DMA_Init
                0x08000b10       0x40 ./Core/Src/main.o
 .text.MX_GPIO_Init
                0x08000b50      0x14c ./Core/Src/main.o
 .text.HAL_ADC_ConvCpltCallback
                0x08000c9c       0x80 ./Core/Src/main.o
                0x08000c9c                HAL_ADC_ConvCpltCallback
 .text.HAL_TIM_IC_CaptureCallback
                0x08000d1c       0xbc ./Core/Src/main.o
                0x08000d1c                HAL_TIM_IC_CaptureCallback
 .text.HAL_TIM_PeriodElapsedCallback
                0x08000dd8      0x2a0 ./Core/Src/main.o
                0x08000dd8                HAL_TIM_PeriodElapsedCallback
 .text.Error_Handler
                0x08001078        0xc ./Core/Src/main.o
                0x08001078                Error_Handler
 .text.Inicializar_Maquina_Estados
                0x08001084       0x40 ./Core/Src/maquina_estados.o
                0x08001084                Inicializar_Maquina_Estados
 .text.Obter_Estado_Atual
                0x080010c4       0x18 ./Core/Src/maquina_estados.o
                0x080010c4                Obter_Estado_Atual
 .text.Atualizar_Maquina_Estados
                0x080010dc      0x324 ./Core/Src/maquina_estados.o
                0x080010dc                Atualizar_Maquina_Estados
 .text.HAL_MspInit
                0x08001400       0x50 ./Core/Src/stm32f4xx_hal_msp.o
                0x08001400                HAL_MspInit
 .text.HAL_ADC_MspInit
                0x08001450       0xf0 ./Core/Src/stm32f4xx_hal_msp.o
                0x08001450                HAL_ADC_MspInit
 .text.HAL_TIM_Base_MspInit
                0x08001540      0x104 ./Core/Src/stm32f4xx_hal_msp.o
                0x08001540                HAL_TIM_Base_MspInit
 .text.HAL_TIM_IC_MspInit
                0x08001644      0x104 ./Core/Src/stm32f4xx_hal_msp.o
                0x08001644                HAL_TIM_IC_MspInit
 .text.HAL_TIM_MspPostInit
                0x08001748       0x74 ./Core/Src/stm32f4xx_hal_msp.o
                0x08001748                HAL_TIM_MspPostInit
 .text.NMI_Handler
                0x080017bc        0x8 ./Core/Src/stm32f4xx_it.o
                0x080017bc                NMI_Handler
 .text.HardFault_Handler
                0x080017c4        0x8 ./Core/Src/stm32f4xx_it.o
                0x080017c4                HardFault_Handler
 .text.MemManage_Handler
                0x080017cc        0x8 ./Core/Src/stm32f4xx_it.o
                0x080017cc                MemManage_Handler
 .text.BusFault_Handler
                0x080017d4        0x8 ./Core/Src/stm32f4xx_it.o
                0x080017d4                BusFault_Handler
 .text.UsageFault_Handler
                0x080017dc        0x8 ./Core/Src/stm32f4xx_it.o
                0x080017dc                UsageFault_Handler
 .text.SVC_Handler
                0x080017e4        0xe ./Core/Src/stm32f4xx_it.o
                0x080017e4                SVC_Handler
 .text.DebugMon_Handler
                0x080017f2        0xe ./Core/Src/stm32f4xx_it.o
                0x080017f2                DebugMon_Handler
 .text.PendSV_Handler
                0x08001800        0xe ./Core/Src/stm32f4xx_it.o
                0x08001800                PendSV_Handler
 .text.SysTick_Handler
                0x0800180e        0xc ./Core/Src/stm32f4xx_it.o
                0x0800180e                SysTick_Handler
 *fill*         0x0800181a        0x2 
 .text.TIM1_UP_TIM10_IRQHandler
                0x0800181c       0x1c ./Core/Src/stm32f4xx_it.o
                0x0800181c                TIM1_UP_TIM10_IRQHandler
 .text.TIM1_TRG_COM_TIM11_IRQHandler
                0x08001838       0x1c ./Core/Src/stm32f4xx_it.o
                0x08001838                TIM1_TRG_COM_TIM11_IRQHandler
 .text.TIM5_IRQHandler
                0x08001854       0x14 ./Core/Src/stm32f4xx_it.o
                0x08001854                TIM5_IRQHandler
 .text.DMA2_Stream0_IRQHandler
                0x08001868       0x14 ./Core/Src/stm32f4xx_it.o
                0x08001868                DMA2_Stream0_IRQHandler
 .text.SystemInit
                0x0800187c       0x24 ./Core/Src/system_stm32f4xx.o
                0x0800187c                SystemInit
 .text.Inicializar_Tracao
                0x080018a0       0x18 ./Core/Src/tracao.o
                0x080018a0                Inicializar_Tracao
 .text.Definir_Pwm_Tracao
                0x080018b8       0x6c ./Core/Src/tracao.o
                0x080018b8                Definir_Pwm_Tracao
 .text.Obter_Pwm_Tracao
                0x08001924       0x18 ./Core/Src/tracao.o
                0x08001924                Obter_Pwm_Tracao
 .text.Reset_Handler
                0x0800193c       0x50 ./Core/Startup/startup_stm32f411ceux.o
                0x0800193c                Reset_Handler
 .text.Default_Handler
                0x0800198c        0x2 ./Core/Startup/startup_stm32f411ceux.o
                0x0800198c                RTC_Alarm_IRQHandler
                0x0800198c                EXTI2_IRQHandler
                0x0800198c                SPI4_IRQHandler
                0x0800198c                TIM1_CC_IRQHandler
                0x0800198c                DMA2_Stream5_IRQHandler
                0x0800198c                DMA1_Stream5_IRQHandler
                0x0800198c                PVD_IRQHandler
                0x0800198c                SDIO_IRQHandler
                0x0800198c                TAMP_STAMP_IRQHandler
                0x0800198c                EXTI3_IRQHandler
                0x0800198c                I2C3_ER_IRQHandler
                0x0800198c                EXTI0_IRQHandler
                0x0800198c                I2C2_EV_IRQHandler
                0x0800198c                DMA1_Stream2_IRQHandler
                0x0800198c                FPU_IRQHandler
                0x0800198c                DMA2_Stream2_IRQHandler
                0x0800198c                SPI1_IRQHandler
                0x0800198c                TIM1_BRK_TIM9_IRQHandler
                0x0800198c                DMA2_Stream3_IRQHandler
                0x0800198c                USART6_IRQHandler
                0x0800198c                TIM4_IRQHandler
                0x0800198c                I2C1_EV_IRQHandler
                0x0800198c                DMA1_Stream6_IRQHandler
                0x0800198c                DMA1_Stream1_IRQHandler
                0x0800198c                TIM3_IRQHandler
                0x0800198c                RCC_IRQHandler
                0x0800198c                Default_Handler
                0x0800198c                EXTI15_10_IRQHandler
                0x0800198c                ADC_IRQHandler
                0x0800198c                DMA1_Stream7_IRQHandler
                0x0800198c                SPI5_IRQHandler
                0x0800198c                DMA2_Stream7_IRQHandler
                0x0800198c                I2C3_EV_IRQHandler
                0x0800198c                EXTI9_5_IRQHandler
                0x0800198c                RTC_WKUP_IRQHandler
                0x0800198c                SPI2_IRQHandler
                0x0800198c                DMA1_Stream0_IRQHandler
                0x0800198c                EXTI4_IRQHandler
                0x0800198c                WWDG_IRQHandler
                0x0800198c                TIM2_IRQHandler
                0x0800198c                OTG_FS_WKUP_IRQHandler
                0x0800198c                EXTI1_IRQHandler
                0x0800198c                USART2_IRQHandler
                0x0800198c                I2C2_ER_IRQHandler
                0x0800198c                DMA2_Stream1_IRQHandler
                0x0800198c                FLASH_IRQHandler
                0x0800198c                DMA2_Stream4_IRQHandler
                0x0800198c                USART1_IRQHandler
                0x0800198c                OTG_FS_IRQHandler
                0x0800198c                SPI3_IRQHandler
                0x0800198c                DMA1_Stream4_IRQHandler
                0x0800198c                I2C1_ER_IRQHandler
                0x0800198c                DMA2_Stream6_IRQHandler
                0x0800198c                DMA1_Stream3_IRQHandler
 *fill*         0x0800198e        0x2 
 .text.HAL_Init
                0x08001990       0x44 ./Drivers/STM32F4xx_HAL_Driver/Src/stm32f4xx_hal.o
                0x08001990                HAL_Init
 .text.HAL_InitTick
                0x080019d4       0x60 ./Drivers/STM32F4xx_HAL_Driver/Src/stm32f4xx_hal.o
                0x080019d4                HAL_InitTick
 .text.HAL_IncTick
                0x08001a34       0x28 ./Drivers/STM32F4xx_HAL_Driver/Src/stm32f4xx_hal.o
                0x08001a34                HAL_IncTick
 .text.HAL_GetTick
                0x08001a5c       0x18 ./Drivers/STM32F4xx_HAL_Driver/Src/stm32f4xx_hal.o
                0x08001a5c                HAL_GetTick
 .text.HAL_ADC_Init
                0x08001a74       0x86 ./Drivers/STM32F4xx_HAL_Driver/Src/stm32f4xx_hal_adc.o
                0x08001a74                HAL_ADC_Init
 *fill*         0x08001afa        0x2 
 .text.HAL_ADC_Start_DMA
                0x08001afc      0x1e8 ./Drivers/STM32F4xx_HAL_Driver/Src/stm32f4xx_hal_adc.o
                0x08001afc                HAL_ADC_Start_DMA
 .text.HAL_ADC_ConvHalfCpltCallback
                0x08001ce4       0x14 ./Drivers/STM32F4xx_HAL_Driver/Src/stm32f4xx_hal_adc.o
                0x08001ce4                HAL_ADC_ConvHalfCpltCallback
 .text.HAL_ADC_ErrorCallback
                0x08001cf8       0x14 ./Drivers/STM32F4xx_HAL_Driver/Src/stm32f4xx_hal_adc.o
                0x08001cf8                HAL_ADC_ErrorCallback
 .text.HAL_ADC_ConfigChannel
                0x08001d0c      0x264 ./Drivers/STM32F4xx_HAL_Driver/Src/stm32f4xx_hal_adc.o
                0x08001d0c                HAL_ADC_ConfigChannel
 .text.ADC_Init
                0x08001f70      0x1f8 ./Drivers/STM32F4xx_HAL_Driver/Src/stm32f4xx_hal_adc.o
 .text.ADC_DMAConvCplt
                0x08002168       0xba ./Drivers/STM32F4xx_HAL_Driver/Src/stm32f4xx_hal_adc.o
 .text.ADC_DMAHalfConvCplt
                0x08002222       0x1c ./Drivers/STM32F4xx_HAL_Driver/Src/stm32f4xx_hal_adc.o
 .text.ADC_DMAError
                0x0800223e       0x2e ./Drivers/STM32F4xx_HAL_Driver/Src/stm32f4xx_hal_adc.o
 .text.__NVIC_SetPriorityGrouping
                0x0800226c       0x48 ./Drivers/STM32F4xx_HAL_Driver/Src/stm32f4xx_hal_cortex.o
 .text.__NVIC_GetPriorityGrouping
                0x080022b4       0x1c ./Drivers/STM32F4xx_HAL_Driver/Src/stm32f4xx_hal_cortex.o
 .text.__NVIC_EnableIRQ
                0x080022d0       0x3c ./Drivers/STM32F4xx_HAL_Driver/Src/stm32f4xx_hal_cortex.o
 .text.__NVIC_SetPriority
                0x0800230c       0x54 ./Drivers/STM32F4xx_HAL_Driver/Src/stm32f4xx_hal_cortex.o
 .text.NVIC_EncodePriority
                0x08002360       0x66 ./Drivers/STM32F4xx_HAL_Driver/Src/stm32f4xx_hal_cortex.o
 *fill*         0x080023c6        0x2 
 .text.SysTick_Config
                0x080023c8       0x44 ./Drivers/STM32F4xx_HAL_Driver/Src/stm32f4xx_hal_cortex.o
 .text.HAL_NVIC_SetPriorityGrouping
                0x0800240c       0x16 ./Drivers/STM32F4xx_HAL_Driver/Src/stm32f4xx_hal_cortex.o
                0x0800240c                HAL_NVIC_SetPriorityGrouping
 .text.HAL_NVIC_SetPriority
                0x08002422       0x38 ./Drivers/STM32F4xx_HAL_Driver/Src/stm32f4xx_hal_cortex.o
                0x08002422                HAL_NVIC_SetPriority
 .text.HAL_NVIC_EnableIRQ
                0x0800245a       0x1c ./Drivers/STM32F4xx_HAL_Driver/Src/stm32f4xx_hal_cortex.o
                0x0800245a                HAL_NVIC_EnableIRQ
 .text.HAL_SYSTICK_Config
                0x08002476       0x18 ./Drivers/STM32F4xx_HAL_Driver/Src/stm32f4xx_hal_cortex.o
                0x08002476                HAL_SYSTICK_Config
 *fill*         0x0800248e        0x2 
 .text.HAL_DMA_Init
                0x08002490      0x15c ./Drivers/STM32F4xx_HAL_Driver/Src/stm32f4xx_hal_dma.o
                0x08002490                HAL_DMA_Init
 .text.HAL_DMA_Start_IT
                0x080025ec       0xb0 ./Drivers/STM32F4xx_HAL_Driver/Src/stm32f4xx_hal_dma.o
                0x080025ec                HAL_DMA_Start_IT
 .text.HAL_DMA_IRQHandler
                0x0800269c      0x314 ./Drivers/STM32F4xx_HAL_Driver/Src/stm32f4xx_hal_dma.o
                0x0800269c                HAL_DMA_IRQHandler
 .text.DMA_SetConfig
                0x080029b0       0x5c ./Drivers/STM32F4xx_HAL_Driver/Src/stm32f4xx_hal_dma.o
 .text.DMA_CalcBaseAndBitshift
                0x08002a0c       0x6c ./Drivers/STM32F4xx_HAL_Driver/Src/stm32f4xx_hal_dma.o
 .text.DMA_CheckFifoParam
                0x08002a78       0xf8 ./Drivers/STM32F4xx_HAL_Driver/Src/stm32f4xx_hal_dma.o
 .text.HAL_GPIO_Init
                0x08002b70      0x308 ./Drivers/STM32F4xx_HAL_Driver/Src/stm32f4xx_hal_gpio.o
                0x08002b70                HAL_GPIO_Init
 .text.HAL_GPIO_ReadPin
                0x08002e78       0x30 ./Drivers/STM32F4xx_HAL_Driver/Src/stm32f4xx_hal_gpio.o
                0x08002e78                HAL_GPIO_ReadPin
 .text.HAL_GPIO_WritePin
                0x08002ea8       0x32 ./Drivers/STM32F4xx_HAL_Driver/Src/stm32f4xx_hal_gpio.o
                0x08002ea8                HAL_GPIO_WritePin
 .text.HAL_GPIO_TogglePin
                0x08002eda       0x34 ./Drivers/STM32F4xx_HAL_Driver/Src/stm32f4xx_hal_gpio.o
                0x08002eda                HAL_GPIO_TogglePin
 *fill*         0x08002f0e        0x2 
 .text.HAL_RCC_OscConfig
                0x08002f10      0x4f0 ./Drivers/STM32F4xx_HAL_Driver/Src/stm32f4xx_hal_rcc.o
                0x08002f10                HAL_RCC_OscConfig
 .text.HAL_RCC_ClockConfig
                0x08003400      0x1cc ./Drivers/STM32F4xx_HAL_Driver/Src/stm32f4xx_hal_rcc.o
                0x08003400                HAL_RCC_ClockConfig
 .text.HAL_RCC_GetSysClockFreq
                0x080035cc      0x188 ./Drivers/STM32F4xx_HAL_Driver/Src/stm32f4xx_hal_rcc.o
                0x080035cc                HAL_RCC_GetSysClockFreq
 .text.HAL_TIM_Base_Init
                0x08003754       0x9e ./Drivers/STM32F4xx_HAL_Driver/Src/stm32f4xx_hal_tim.o
                0x08003754                HAL_TIM_Base_Init
 *fill*         0x080037f2        0x2 
 .text.HAL_TIM_Base_Start
                0x080037f4       0xb4 ./Drivers/STM32F4xx_HAL_Driver/Src/stm32f4xx_hal_tim.o
                0x080037f4                HAL_TIM_Base_Start
 .text.HAL_TIM_Base_Start_IT
                0x080038a8       0xc4 ./Drivers/STM32F4xx_HAL_Driver/Src/stm32f4xx_hal_tim.o
                0x080038a8                HAL_TIM_Base_Start_IT
 .text.HAL_TIM_PWM_Init
                0x0800396c       0x9e ./Drivers/STM32F4xx_HAL_Driver/Src/stm32f4xx_hal_tim.o
                0x0800396c                HAL_TIM_PWM_Init
 .text.HAL_TIM_PWM_MspInit
                0x08003a0a       0x14 ./Drivers/STM32F4xx_HAL_Driver/Src/stm32f4xx_hal_tim.o
                0x08003a0a                HAL_TIM_PWM_MspInit
 *fill*         0x08003a1e        0x2 
 .text.HAL_TIM_PWM_Start
                0x08003a20      0x160 ./Drivers/STM32F4xx_HAL_Driver/Src/stm32f4xx_hal_tim.o
                0x08003a20                HAL_TIM_PWM_Start
 .text.HAL_TIM_IC_Init
                0x08003b80       0x9e ./Drivers/STM32F4xx_HAL_Driver/Src/stm32f4xx_hal_tim.o
                0x08003b80                HAL_TIM_IC_Init
 .text.HAL_TIM_IRQHandler
                0x08003c1e      0x1e0 ./Drivers/STM32F4xx_HAL_Driver/Src/stm32f4xx_hal_tim.o
                0x08003c1e                HAL_TIM_IRQHandler
 .text.HAL_TIM_IC_ConfigChannel
                0x08003dfe      0x138 ./Drivers/STM32F4xx_HAL_Driver/Src/stm32f4xx_hal_tim.o
                0x08003dfe                HAL_TIM_IC_ConfigChannel
 *fill*         0x08003f36        0x2 
 .text.HAL_TIM_PWM_ConfigChannel
                0x08003f38      0x184 ./Drivers/STM32F4xx_HAL_Driver/Src/stm32f4xx_hal_tim.o
                0x08003f38                HAL_TIM_PWM_ConfigChannel
 .text.HAL_TIM_ConfigClockSource
                0x080040bc      0x18e ./Drivers/STM32F4xx_HAL_Driver/Src/stm32f4xx_hal_tim.o
                0x080040bc                HAL_TIM_ConfigClockSource
 *fill*         0x0800424a        0x2 
 .text.HAL_TIM_ReadCapturedValue
                0x0800424c       0x88 ./Drivers/STM32F4xx_HAL_Driver/Src/stm32f4xx_hal_tim.o
                0x0800424c                HAL_TIM_ReadCapturedValue
 .text.HAL_TIM_OC_DelayElapsedCallback
                0x080042d4       0x14 ./Drivers/STM32F4xx_HAL_Driver/Src/stm32f4xx_hal_tim.o
                0x080042d4                HAL_TIM_OC_DelayElapsedCallback
 .text.HAL_TIM_PWM_PulseFinishedCallback
                0x080042e8       0x14 ./Drivers/STM32F4xx_HAL_Driver/Src/stm32f4xx_hal_tim.o
                0x080042e8                HAL_TIM_PWM_PulseFinishedCallback
 .text.HAL_TIM_TriggerCallback
                0x080042fc       0x14 ./Drivers/STM32F4xx_HAL_Driver/Src/stm32f4xx_hal_tim.o
                0x080042fc                HAL_TIM_TriggerCallback
 .text.TIM_Base_SetConfig
                0x08004310      0x10c ./Drivers/STM32F4xx_HAL_Driver/Src/stm32f4xx_hal_tim.o
                0x08004310                TIM_Base_SetConfig
 .text.TIM_OC1_SetConfig
                0x0800441c       0xcc ./Drivers/STM32F4xx_HAL_Driver/Src/stm32f4xx_hal_tim.o
 .text.TIM_OC2_SetConfig
                0x080044e8       0xd8 ./Drivers/STM32F4xx_HAL_Driver/Src/stm32f4xx_hal_tim.o
                0x080044e8                TIM_OC2_SetConfig
 .text.TIM_OC3_SetConfig
                0x080045c0       0xd4 ./Drivers/STM32F4xx_HAL_Driver/Src/stm32f4xx_hal_tim.o
 .text.TIM_OC4_SetConfig
                0x08004694       0xa0 ./Drivers/STM32F4xx_HAL_Driver/Src/stm32f4xx_hal_tim.o
 .text.TIM_TI1_SetConfig
                0x08004734       0xd0 ./Drivers/STM32F4xx_HAL_Driver/Src/stm32f4xx_hal_tim.o
                0x08004734                TIM_TI1_SetConfig
 .text.TIM_TI1_ConfigInputStage
                0x08004804       0x5e ./Drivers/STM32F4xx_HAL_Driver/Src/stm32f4xx_hal_tim.o
 .text.TIM_TI2_SetConfig
                0x08004862       0x7a ./Drivers/STM32F4xx_HAL_Driver/Src/stm32f4xx_hal_tim.o
 .text.TIM_TI2_ConfigInputStage
                0x080048dc       0x60 ./Drivers/STM32F4xx_HAL_Driver/Src/stm32f4xx_hal_tim.o
 .text.TIM_TI3_SetConfig
                0x0800493c       0x78 ./Drivers/STM32F4xx_HAL_Driver/Src/stm32f4xx_hal_tim.o
 .text.TIM_TI4_SetConfig
                0x080049b4       0x7a ./Drivers/STM32F4xx_HAL_Driver/Src/stm32f4xx_hal_tim.o
 .text.TIM_ITRx_SetConfig
                0x08004a2e       0x36 ./Drivers/STM32F4xx_HAL_Driver/Src/stm32f4xx_hal_tim.o
 .text.TIM_ETR_SetConfig
                0x08004a64       0x40 ./Drivers/STM32F4xx_HAL_Driver/Src/stm32f4xx_hal_tim.o
                0x08004a64                TIM_ETR_SetConfig
 .text.TIM_CCxChannelCmd
                0x08004aa4       0x4a ./Drivers/STM32F4xx_HAL_Driver/Src/stm32f4xx_hal_tim.o
                0x08004aa4                TIM_CCxChannelCmd
 *fill*         0x08004aee        0x2 
 .text.HAL_TIMEx_MasterConfigSynchronization
                0x08004af0       0xdc ./Drivers/STM32F4xx_HAL_Driver/Src/stm32f4xx_hal_tim_ex.o
                0x08004af0                HAL_TIMEx_MasterConfigSynchronization
 .text.HAL_TIMEx_ConfigBreakDeadTime
                0x08004bcc       0xa4 ./Drivers/STM32F4xx_HAL_Driver/Src/stm32f4xx_hal_tim_ex.o
                0x08004bcc                HAL_TIMEx_ConfigBreakDeadTime
 .text.HAL_TIMEx_CommutCallback
                0x08004c70       0x14 ./Drivers/STM32F4xx_HAL_Driver/Src/stm32f4xx_hal_tim_ex.o
                0x08004c70                HAL_TIMEx_CommutCallback
 .text.HAL_TIMEx_BreakCallback
                0x08004c84       0x14 ./Drivers/STM32F4xx_HAL_Driver/Src/stm32f4xx_hal_tim_ex.o
                0x08004c84                HAL_TIMEx_BreakCallback
 .text.memset   0x08004c98       0x10 C:/ST/STM32CubeIDE_2.1.1/STM32CubeIDE/plugins/com.st.stm32cube.ide.mcu.externaltools.gnu-tools-for-stm32.14.3.rel1.win32_1.0.100.202602081740/tools/bin/../lib/gcc/arm-none-eabi/14.3.1/../../../../arm-none-eabi/lib/thumb/v7e-m+fp/hard\libc_nano.a(libc_a-memset.o)
                0x08004c98                memset
 .text.__libc_init_array
                0x08004ca8       0x48 C:/ST/STM32CubeIDE_2.1.1/STM32CubeIDE/plugins/com.st.stm32cube.ide.mcu.externaltools.gnu-tools-for-stm32.14.3.rel1.win32_1.0.100.202602081740/tools/bin/../lib/gcc/arm-none-eabi/14.3.1/../../../../arm-none-eabi/lib/thumb/v7e-m+fp/hard\libc_nano.a(libc_a-init.o)
                0x08004ca8                __libc_init_array
 *(.glue_7)
 .glue_7        0x08004cf0        0x0 linker stubs
 *(.glue_7t)
 .glue_7t       0x08004cf0        0x0 linker stubs
 *(.eh_frame)
 .eh_frame      0x08004cf0        0x0 C:/ST/STM32CubeIDE_2.1.1/STM32CubeIDE/plugins/com.st.stm32cube.ide.mcu.externaltools.gnu-tools-for-stm32.14.3.rel1.win32_1.0.100.202602081740/tools/bin/../lib/gcc/arm-none-eabi/14.3.1/thumb/v7e-m+fp/hard/crtbegin.o
 *(.init)
 .init          0x08004cf0        0x4 C:/ST/STM32CubeIDE_2.1.1/STM32CubeIDE/plugins/com.st.stm32cube.ide.mcu.externaltools.gnu-tools-for-stm32.14.3.rel1.win32_1.0.100.202602081740/tools/bin/../lib/gcc/arm-none-eabi/14.3.1/thumb/v7e-m+fp/hard/crti.o
                0x08004cf0                _init
 .init          0x08004cf4        0x8 C:/ST/STM32CubeIDE_2.1.1/STM32CubeIDE/plugins/com.st.stm32cube.ide.mcu.externaltools.gnu-tools-for-stm32.14.3.rel1.win32_1.0.100.202602081740/tools/bin/../lib/gcc/arm-none-eabi/14.3.1/thumb/v7e-m+fp/hard/crtn.o
 *(.fini)
 .fini          0x08004cfc        0x4 C:/ST/STM32CubeIDE_2.1.1/STM32CubeIDE/plugins/com.st.stm32cube.ide.mcu.externaltools.gnu-tools-for-stm32.14.3.rel1.win32_1.0.100.202602081740/tools/bin/../lib/gcc/arm-none-eabi/14.3.1/thumb/v7e-m+fp/hard/crti.o
                0x08004cfc                _fini
 .fini          0x08004d00        0x8 C:/ST/STM32CubeIDE_2.1.1/STM32CubeIDE/plugins/com.st.stm32cube.ide.mcu.externaltools.gnu-tools-for-stm32.14.3.rel1.win32_1.0.100.202602081740/tools/bin/../lib/gcc/arm-none-eabi/14.3.1/thumb/v7e-m+fp/hard/crtn.o
                0x08004d08                        . = ALIGN (0x4)
                0x08004d08                        _etext = .

.vfp11_veneer   0x08004d08        0x0
 .vfp11_veneer  0x08004d08        0x0 linker stubs

.v4_bx          0x08004d08        0x0
 .v4_bx         0x08004d08        0x0 linker stubs

.iplt           0x08004d08        0x0
 .iplt          0x08004d08        0x0 C:/ST/STM32CubeIDE_2.1.1/STM32CubeIDE/plugins/com.st.stm32cube.ide.mcu.externaltools.gnu-tools-for-stm32.14.3.rel1.win32_1.0.100.202602081740/tools/bin/../lib/gcc/arm-none-eabi/14.3.1/thumb/v7e-m+fp/hard/crtbegin.o

.rodata         0x08004d08       0x18
                0x08004d08                        . = ALIGN (0x4)
 *(.rodata)
 *(.rodata*)
 .rodata.AHBPrescTable
                0x08004d08       0x10 ./Core/Src/system_stm32f4xx.o
                0x08004d08                AHBPrescTable
 .rodata.flagBitshiftOffset.0
                0x08004d18        0x8 ./Drivers/STM32F4xx_HAL_Driver/Src/stm32f4xx_hal_dma.o
                0x08004d20                        . = ALIGN (0x4)

.ARM.extab      0x08004d20        0x0
                0x08004d20                        . = ALIGN (0x4)
 *(.ARM.extab* .gnu.linkonce.armextab.*)
                0x08004d20                        . = ALIGN (0x4)

.ARM            0x08004d20        0x8
                0x08004d20                        . = ALIGN (0x4)
                0x08004d20                        __exidx_start = .
 *(.ARM.exidx*)
 .ARM.exidx     0x08004d20        0x8 C:/ST/STM32CubeIDE_2.1.1/STM32CubeIDE/plugins/com.st.stm32cube.ide.mcu.externaltools.gnu-tools-for-stm32.14.3.rel1.win32_1.0.100.202602081740/tools/bin/../lib/gcc/arm-none-eabi/14.3.1/thumb/v7e-m+fp/hard\libgcc.a(_udivmoddi4.o)
                0x08004d28                        __exidx_end = .
                0x08004d28                        . = ALIGN (0x4)

.preinit_array  0x08004d28        0x0
                0x08004d28                        . = ALIGN (0x4)
                0x08004d28                        PROVIDE (__preinit_array_start = .)
 *(.preinit_array*)
                0x08004d28                        PROVIDE (__preinit_array_end = .)
                0x08004d28                        . = ALIGN (0x4)

.init_array     0x08004d28        0x4
                0x08004d28                        . = ALIGN (0x4)
                0x08004d28                        PROVIDE (__init_array_start = .)
 *(SORT_BY_NAME(.init_array.*))
 *(.init_array*)
 .init_array    0x08004d28        0x4 C:/ST/STM32CubeIDE_2.1.1/STM32CubeIDE/plugins/com.st.stm32cube.ide.mcu.externaltools.gnu-tools-for-stm32.14.3.rel1.win32_1.0.100.202602081740/tools/bin/../lib/gcc/arm-none-eabi/14.3.1/thumb/v7e-m+fp/hard/crtbegin.o
                0x08004d2c                        PROVIDE (__init_array_end = .)
                0x08004d2c                        . = ALIGN (0x4)

.fini_array     0x08004d2c        0x4
                0x08004d2c                        . = ALIGN (0x4)
                [!provide]                        PROVIDE (__fini_array_start = .)
 *(SORT_BY_NAME(.fini_array.*))
 *(.fini_array*)
 .fini_array    0x08004d2c        0x4 C:/ST/STM32CubeIDE_2.1.1/STM32CubeIDE/plugins/com.st.stm32cube.ide.mcu.externaltools.gnu-tools-for-stm32.14.3.rel1.win32_1.0.100.202602081740/tools/bin/../lib/gcc/arm-none-eabi/14.3.1/thumb/v7e-m+fp/hard/crtbegin.o
                [!provide]                        PROVIDE (__fini_array_end = .)
                0x08004d30                        . = ALIGN (0x4)
                0x08004d30                        _sidata = LOADADDR (.data)

.rel.dyn        0x08004d30        0x0
 .rel.iplt      0x08004d30        0x0 C:/ST/STM32CubeIDE_2.1.1/STM32CubeIDE/plugins/com.st.stm32cube.ide.mcu.externaltools.gnu-tools-for-stm32.14.3.rel1.win32_1.0.100.202602081740/tools/bin/../lib/gcc/arm-none-eabi/14.3.1/thumb/v7e-m+fp/hard/crtbegin.o

.data           0x20000000       0x10 load address 0x08004d30
                0x20000000                        . = ALIGN (0x4)
                0x20000000                        _sdata = .
 *(.data)
 *(.data*)
 .data.primeira_captura.1
                0x20000000        0x1 ./Core/Src/main.o
 *fill*         0x20000001        0x3 
 .data.SystemCoreClock
                0x20000004        0x4 ./Core/Src/system_stm32f4xx.o
                0x20000004                SystemCoreClock
 .data.uwTickPrio
                0x20000008        0x4 ./Drivers/STM32F4xx_HAL_Driver/Src/stm32f4xx_hal.o
                0x20000008                uwTickPrio
 .data.uwTickFreq
                0x2000000c        0x1 ./Drivers/STM32F4xx_HAL_Driver/Src/stm32f4xx_hal.o
                0x2000000c                uwTickFreq
 *(.RamFunc)
 *(.RamFunc*)
                0x20000010                        . = ALIGN (0x4)
 *fill*         0x2000000d        0x3 
                0x20000010                        _edata = .

.igot.plt       0x20000010        0x0 load address 0x08004d40
 .igot.plt      0x20000010        0x0 C:/ST/STM32CubeIDE_2.1.1/STM32CubeIDE/plugins/com.st.stm32cube.ide.mcu.externaltools.gnu-tools-for-stm32.14.3.rel1.win32_1.0.100.202602081740/tools/bin/../lib/gcc/arm-none-eabi/14.3.1/thumb/v7e-m+fp/hard/crtbegin.o
                0x20000010                        . = ALIGN (0x4)

.bss            0x20000010      0x2b0 load address 0x08004d40
                0x20000010                        _sbss = .
                0x20000010                        __bss_start__ = _sbss
 *(.bss)
 .bss           0x20000010       0x1c C:/ST/STM32CubeIDE_2.1.1/STM32CubeIDE/plugins/com.st.stm32cube.ide.mcu.externaltools.gnu-tools-for-stm32.14.3.rel1.win32_1.0.100.202602081740/tools/bin/../lib/gcc/arm-none-eabi/14.3.1/thumb/v7e-m+fp/hard/crtbegin.o
 *(.bss*)
 .bss.flags_sistema
                0x2000002c        0x4 ./Core/Src/central_dados.o
                0x2000002c                flags_sistema
 .bss.rpm_motor
                0x20000030        0x2 ./Core/Src/central_dados.o
                0x20000030                rpm_motor
 .bss.velocidade_kmh
                0x20000032        0x1 ./Core/Src/central_dados.o
                0x20000032                velocidade_kmh
 *fill*         0x20000033        0x1 
 .bss.hodometro_cm
                0x20000034        0x4 ./Core/Src/central_dados.o
                0x20000034                hodometro_cm
 .bss.temperatura_adc
                0x20000038        0x2 ./Core/Src/central_dados.o
                0x20000038                temperatura_adc
 .bss.temperatura_celsius
                0x2000003a        0x2 ./Core/Src/central_dados.o
                0x2000003a                temperatura_celsius
 .bss.potenciometro_adc
                0x2000003c        0x2 ./Core/Src/central_dados.o
                0x2000003c                potenciometro_adc
 *fill*         0x2000003e        0x2 
 .bss.tick_base
                0x20000040        0x4 ./Core/Src/central_dados.o
                0x20000040                tick_base
 .bss.tick_acelerador
                0x20000044        0x2 ./Core/Src/central_dados.o
                0x20000044                tick_acelerador
 .bss.tick_freio
                0x20000046        0x2 ./Core/Src/central_dados.o
                0x20000046                tick_freio
 .bss.tick_inercia
                0x20000048        0x2 ./Core/Src/central_dados.o
                0x20000048                tick_inercia
 .bss.tick_emergencia
                0x2000004a        0x2 ./Core/Src/central_dados.o
                0x2000004a                tick_emergencia
 .bss.tick_temp_critica
                0x2000004c        0x4 ./Core/Src/central_dados.o
                0x2000004c                tick_temp_critica
 .bss.tick_seta
                0x20000050        0x2 ./Core/Src/central_dados.o
                0x20000050                tick_seta
 .bss.flag_tick_50ms
                0x20000052        0x1 ./Core/Src/central_dados.o
                0x20000052                flag_tick_50ms
 *fill*         0x20000053        0x1 
 .bss.adc_dma_buffer
                0x20000054        0x4 ./Core/Src/central_dados.o
                0x20000054                adc_dma_buffer
 .bss.display_modo_atual
                0x20000058        0x1 ./Core/Src/central_dados.o
                0x20000058                display_modo_atual
 *fill*         0x20000059        0x3 
 .bss.hadc1     0x2000005c       0x48 ./Core/Src/main.o
                0x2000005c                hadc1
 .bss.hdma_adc1
                0x200000a4       0x60 ./Core/Src/main.o
                0x200000a4                hdma_adc1
 .bss.htim1     0x20000104       0x48 ./Core/Src/main.o
                0x20000104                htim1
 .bss.htim2     0x2000014c       0x48 ./Core/Src/main.o
                0x2000014c                htim2
 .bss.htim3     0x20000194       0x48 ./Core/Src/main.o
                0x20000194                htim3
 .bss.htim5     0x200001dc       0x48 ./Core/Src/main.o
                0x200001dc                htim5
 .bss.htim10    0x20000224       0x48 ./Core/Src/main.o
                0x20000224                htim10
 .bss.htim11    0x2000026c       0x48 ./Core/Src/main.o
                0x2000026c                htim11
 .bss.captura_anterior.0
                0x200002b4        0x4 ./Core/Src/main.o
 .bss.estado_atual
                0x200002b8        0x1 ./Core/Src/maquina_estados.o
 .bss.aceleracao_longa
                0x200002b9        0x1 ./Core/Src/maquina_estados.o
 .bss.pwm_porcentagem_atual
                0x200002ba        0x1 ./Core/Src/tracao.o
 *fill*         0x200002bb        0x1 
 .bss.uwTick    0x200002bc        0x4 ./Drivers/STM32F4xx_HAL_Driver/Src/stm32f4xx_hal.o
                0x200002bc                uwTick
 *(COMMON)
                0x200002c0                        . = ALIGN (0x4)
                0x200002c0                        _ebss = .
                0x200002c0                        __bss_end__ = _ebss

._user_heap_stack
                0x200002c0      0x600 load address 0x08004d40
                0x200002c0                        . = ALIGN (0x8)
                [!provide]                        PROVIDE (end = .)
                0x200002c0                        PROVIDE (_end = .)
                0x200004c0                        . = (. + _Min_Heap_Size)
 *fill*         0x200002c0      0x200 
                0x200008c0                        . = (. + _Min_Stack_Size)
 *fill*         0x200004c0      0x400 
                0x200008c0                        . = ALIGN (0x8)

/DISCARD/
 libc.a(*)
 libm.a(*)
 libgcc.a(*)

.ARM.attributes
                0x00000000       0x30
 *(.ARM.attributes)
 .ARM.attributes
                0x00000000       0x22 C:/ST/STM32CubeIDE_2.1.1/STM32CubeIDE/plugins/com.st.stm32cube.ide.mcu.externaltools.gnu-tools-for-stm32.14.3.rel1.win32_1.0.100.202602081740/tools/bin/../lib/gcc/arm-none-eabi/14.3.1/thumb/v7e-m+fp/hard/crti.o
 .ARM.attributes
                0x00000022       0x34 C:/ST/STM32CubeIDE_2.1.1/STM32CubeIDE/plugins/com.st.stm32cube.ide.mcu.externaltools.gnu-tools-for-stm32.14.3.rel1.win32_1.0.100.202602081740/tools/bin/../lib/gcc/arm-none-eabi/14.3.1/thumb/v7e-m+fp/hard/crtbegin.o
 .ARM.attributes
                0x00000056       0x34 ./Core/Src/central_dados.o
 .ARM.attributes
                0x0000008a       0x34 ./Core/Src/main.o
 .ARM.attributes
                0x000000be       0x34 ./Core/Src/maquina_estados.o
 .ARM.attributes
                0x000000f2       0x34 ./Core/Src/stm32f4xx_hal_msp.o
 .ARM.attributes
                0x00000126       0x34 ./Core/Src/stm32f4xx_it.o
 .ARM.attributes
                0x0000015a       0x34 ./Core/Src/system_stm32f4xx.o
 .ARM.attributes
                0x0000018e       0x34 ./Core/Src/tracao.o
 .ARM.attributes
                0x000001c2       0x21 ./Core/Startup/startup_stm32f411ceux.o
 .ARM.attributes
                0x000001e3       0x34 ./Drivers/STM32F4xx_HAL_Driver/Src/stm32f4xx_hal.o
 .ARM.attributes
                0x00000217       0x34 ./Drivers/STM32F4xx_HAL_Driver/Src/stm32f4xx_hal_adc.o
 .ARM.attributes
                0x0000024b       0x34 ./Drivers/STM32F4xx_HAL_Driver/Src/stm32f4xx_hal_cortex.o
 .ARM.attributes
                0x0000027f       0x34 ./Drivers/STM32F4xx_HAL_Driver/Src/stm32f4xx_hal_dma.o
 .ARM.attributes
                0x000002b3       0x34 ./Drivers/STM32F4xx_HAL_Driver/Src/stm32f4xx_hal_gpio.o
 .ARM.attributes
                0x000002e7       0x34 ./Drivers/STM32F4xx_HAL_Driver/Src/stm32f4xx_hal_rcc.o
 .ARM.attributes
                0x0000031b       0x34 ./Drivers/STM32F4xx_HAL_Driver/Src/stm32f4xx_hal_tim.o
 .ARM.attributes
                0x0000034f       0x34 ./Drivers/STM32F4xx_HAL_Driver/Src/stm32f4xx_hal_tim_ex.o
 .ARM.attributes
                0x00000383       0x34 C:/ST/STM32CubeIDE_2.1.1/STM32CubeIDE/plugins/com.st.stm32cube.ide.mcu.externaltools.gnu-tools-for-stm32.14.3.rel1.win32_1.0.100.202602081740/tools/bin/../lib/gcc/arm-none-eabi/14.3.1/../../../../arm-none-eabi/lib/thumb/v7e-m+fp/hard\libc_nano.a(libc_a-memset.o)
 .ARM.attributes
                0x000003b7       0x34 C:/ST/STM32CubeIDE_2.1.1/STM32CubeIDE/plugins/com.st.stm32cube.ide.mcu.externaltools.gnu-tools-for-stm32.14.3.rel1.win32_1.0.100.202602081740/tools/bin/../lib/gcc/arm-none-eabi/14.3.1/../../../../arm-none-eabi/lib/thumb/v7e-m+fp/hard\libc_nano.a(libc_a-init.o)
 .ARM.attributes
                0x000003eb       0x22 C:/ST/STM32CubeIDE_2.1.1/STM32CubeIDE/plugins/com.st.stm32cube.ide.mcu.externaltools.gnu-tools-for-stm32.14.3.rel1.win32_1.0.100.202602081740/tools/bin/../lib/gcc/arm-none-eabi/14.3.1/thumb/v7e-m+fp/hard\libgcc.a(_aeabi_uldivmod.o)
 .ARM.attributes
                0x0000040d       0x34 C:/ST/STM32CubeIDE_2.1.1/STM32CubeIDE/plugins/com.st.stm32cube.ide.mcu.externaltools.gnu-tools-for-stm32.14.3.rel1.win32_1.0.100.202602081740/tools/bin/../lib/gcc/arm-none-eabi/14.3.1/thumb/v7e-m+fp/hard\libgcc.a(_udivmoddi4.o)
 .ARM.attributes
                0x00000441       0x22 C:/ST/STM32CubeIDE_2.1.1/STM32CubeIDE/plugins/com.st.stm32cube.ide.mcu.externaltools.gnu-tools-for-stm32.14.3.rel1.win32_1.0.100.202602081740/tools/bin/../lib/gcc/arm-none-eabi/14.3.1/thumb/v7e-m+fp/hard\libgcc.a(_dvmd_tls.o)
 .ARM.attributes
                0x00000463       0x22 C:/ST/STM32CubeIDE_2.1.1/STM32CubeIDE/plugins/com.st.stm32cube.ide.mcu.externaltools.gnu-tools-for-stm32.14.3.rel1.win32_1.0.100.202602081740/tools/bin/../lib/gcc/arm-none-eabi/14.3.1/thumb/v7e-m+fp/hard/crtn.o
OUTPUT(PROJETO_2_ALISSON_DORNELES_EDUARDO_FIORAVANTI_TIAGO_JARDIM.elf elf32-littlearm)
LOAD linker stubs
LOAD C:/ST/STM32CubeIDE_2.1.1/STM32CubeIDE/plugins/com.st.stm32cube.ide.mcu.externaltools.gnu-tools-for-stm32.14.3.rel1.win32_1.0.100.202602081740/tools/bin/../lib/gcc/arm-none-eabi/14.3.1/../../../../arm-none-eabi/lib/thumb/v7e-m+fp/hard\libc.a
LOAD C:/ST/STM32CubeIDE_2.1.1/STM32CubeIDE/plugins/com.st.stm32cube.ide.mcu.externaltools.gnu-tools-for-stm32.14.3.rel1.win32_1.0.100.202602081740/tools/bin/../lib/gcc/arm-none-eabi/14.3.1/../../../../arm-none-eabi/lib/thumb/v7e-m+fp/hard\libm.a
LOAD C:/ST/STM32CubeIDE_2.1.1/STM32CubeIDE/plugins/com.st.stm32cube.ide.mcu.externaltools.gnu-tools-for-stm32.14.3.rel1.win32_1.0.100.202602081740/tools/bin/../lib/gcc/arm-none-eabi/14.3.1/thumb/v7e-m+fp/hard\libgcc.a

.debug_info     0x00000000     0xbd62
 .debug_info    0x00000000      0x336 ./Core/Src/central_dados.o
 .debug_info    0x00000336     0x195c ./Core/Src/main.o
 .debug_info    0x00001c92      0x2d0 ./Core/Src/maquina_estados.o
 .debug_info    0x00001f62     0x10af ./Core/Src/stm32f4xx_hal_msp.o
 .debug_info    0x00003011      0x743 ./Core/Src/stm32f4xx_it.o
 .debug_info    0x00003754      0x53e ./Core/Src/system_stm32f4xx.o
 .debug_info    0x00003c92      0x6b3 ./Core/Src/tracao.o
 .debug_info    0x00004345       0x30 ./Core/Startup/startup_stm32f411ceux.o
 .debug_info    0x00004375      0x8c4 ./Drivers/STM32F4xx_HAL_Driver/Src/stm32f4xx_hal.o
 .debug_info    0x00004c39      0xce0 ./Drivers/STM32F4xx_HAL_Driver/Src/stm32f4xx_hal_adc.o
 .debug_info    0x00005919      0xcfc ./Drivers/STM32F4xx_HAL_Driver/Src/stm32f4xx_hal_cortex.o
 .debug_info    0x00006615      0x8e6 ./Drivers/STM32F4xx_HAL_Driver/Src/stm32f4xx_hal_dma.o
 .debug_info    0x00006efb      0x6f9 ./Drivers/STM32F4xx_HAL_Driver/Src/stm32f4xx_hal_gpio.o
 .debug_info    0x000075f4      0x904 ./Drivers/STM32F4xx_HAL_Driver/Src/stm32f4xx_hal_rcc.o
 .debug_info    0x00007ef8     0x2996 ./Drivers/STM32F4xx_HAL_Driver/Src/stm32f4xx_hal_tim.o
 .debug_info    0x0000a88e     0x14d4 ./Drivers/STM32F4xx_HAL_Driver/Src/stm32f4xx_hal_tim_ex.o

.debug_abbrev   0x00000000     0x1f6a
 .debug_abbrev  0x00000000       0x75 ./Core/Src/central_dados.o
 .debug_abbrev  0x00000075      0x32e ./Core/Src/main.o
 .debug_abbrev  0x000003a3      0x16d ./Core/Src/maquina_estados.o
 .debug_abbrev  0x00000510      0x271 ./Core/Src/stm32f4xx_hal_msp.o
 .debug_abbrev  0x00000781      0x1a7 ./Core/Src/stm32f4xx_it.o
 .debug_abbrev  0x00000928      0x11a ./Core/Src/system_stm32f4xx.o
 .debug_abbrev  0x00000a42      0x1c3 ./Core/Src/tracao.o
 .debug_abbrev  0x00000c05       0x24 ./Core/Startup/startup_stm32f411ceux.o
 .debug_abbrev  0x00000c29      0x24b ./Drivers/STM32F4xx_HAL_Driver/Src/stm32f4xx_hal.o
 .debug_abbrev  0x00000e74      0x20e ./Drivers/STM32F4xx_HAL_Driver/Src/stm32f4xx_hal_adc.o
 .debug_abbrev  0x00001082      0x31d ./Drivers/STM32F4xx_HAL_Driver/Src/stm32f4xx_hal_cortex.o
 .debug_abbrev  0x0000139f      0x221 ./Drivers/STM32F4xx_HAL_Driver/Src/stm32f4xx_hal_dma.o
 .debug_abbrev  0x000015c0      0x1d3 ./Drivers/STM32F4xx_HAL_Driver/Src/stm32f4xx_hal_gpio.o
 .debug_abbrev  0x00001793      0x2b6 ./Drivers/STM32F4xx_HAL_Driver/Src/stm32f4xx_hal_rcc.o
 .debug_abbrev  0x00001a49      0x28b ./Drivers/STM32F4xx_HAL_Driver/Src/stm32f4xx_hal_tim.o
 .debug_abbrev  0x00001cd4      0x296 ./Drivers/STM32F4xx_HAL_Driver/Src/stm32f4xx_hal_tim_ex.o

.debug_aranges  0x00000000      0xbe8
 .debug_aranges
                0x00000000       0x18 ./Core/Src/central_dados.o
 .debug_aranges
                0x00000018       0x98 ./Core/Src/main.o
 .debug_aranges
                0x000000b0       0x30 ./Core/Src/maquina_estados.o
 .debug_aranges
                0x000000e0       0x58 ./Core/Src/stm32f4xx_hal_msp.o
 .debug_aranges
                0x00000138       0x80 ./Core/Src/stm32f4xx_it.o
 .debug_aranges
                0x000001b8       0x28 ./Core/Src/system_stm32f4xx.o
 .debug_aranges
                0x000001e0       0x30 ./Core/Src/tracao.o
 .debug_aranges
                0x00000210       0x28 ./Core/Startup/startup_stm32f411ceux.o
 .debug_aranges
                0x00000238       0xf0 ./Drivers/STM32F4xx_HAL_Driver/Src/stm32f4xx_hal.o
 .debug_aranges
                0x00000328       0xe8 ./Drivers/STM32F4xx_HAL_Driver/Src/stm32f4xx_hal_adc.o
 .debug_aranges
                0x00000410      0x130 ./Drivers/STM32F4xx_HAL_Driver/Src/stm32f4xx_hal_cortex.o
 .debug_aranges
                0x00000540       0x90 ./Drivers/STM32F4xx_HAL_Driver/Src/stm32f4xx_hal_dma.o
 .debug_aranges
                0x000005d0       0x58 ./Drivers/STM32F4xx_HAL_Driver/Src/stm32f4xx_hal_gpio.o
 .debug_aranges
                0x00000628       0x88 ./Drivers/STM32F4xx_HAL_Driver/Src/stm32f4xx_hal_rcc.o
 .debug_aranges
                0x000006b0      0x3d0 ./Drivers/STM32F4xx_HAL_Driver/Src/stm32f4xx_hal_tim.o
 .debug_aranges
                0x00000a80      0x168 ./Drivers/STM32F4xx_HAL_Driver/Src/stm32f4xx_hal_tim_ex.o

.debug_macro    0x00000000    0x1704f
 .debug_macro   0x00000000      0x20a ./Core/Src/central_dados.o
 .debug_macro   0x0000020a      0xad8 ./Core/Src/central_dados.o
 .debug_macro   0x00000ce2      0x29b ./Core/Src/central_dados.o
 .debug_macro   0x00000f7d       0x2e ./Core/Src/central_dados.o
 .debug_macro   0x00000fab       0x28 ./Core/Src/central_dados.o
 .debug_macro   0x00000fd3       0x22 ./Core/Src/central_dados.o
 .debug_macro   0x00000ff5       0x8e ./Core/Src/central_dados.o
 .debug_macro   0x00001083       0x51 ./Core/Src/central_dados.o
 .debug_macro   0x000010d4      0x103 ./Core/Src/central_dados.o
 .debug_macro   0x000011d7       0x6a ./Core/Src/central_dados.o
 .debug_macro   0x00001241      0x1df ./Core/Src/central_dados.o
 .debug_macro   0x00001420       0x1c ./Core/Src/central_dados.o
 .debug_macro   0x0000143c       0x22 ./Core/Src/central_dados.o
 .debug_macro   0x0000145e       0xfb ./Core/Src/central_dados.o
 .debug_macro   0x00001559     0x1011 ./Core/Src/central_dados.o
 .debug_macro   0x0000256a      0x11f ./Core/Src/central_dados.o
 .debug_macro   0x00002689     0xb968 ./Core/Src/central_dados.o
 .debug_macro   0x0000dff1       0x6d ./Core/Src/central_dados.o
 .debug_macro   0x0000e05e     0x3693 ./Core/Src/central_dados.o
 .debug_macro   0x000116f1      0x190 ./Core/Src/central_dados.o
 .debug_macro   0x00011881       0x5c ./Core/Src/central_dados.o
 .debug_macro   0x000118dd      0x45c ./Core/Src/central_dados.o
 .debug_macro   0x00011d39      0x9e9 ./Core/Src/central_dados.o
 .debug_macro   0x00012722      0x115 ./Core/Src/central_dados.o
 .debug_macro   0x00012837      0x11b ./Core/Src/central_dados.o
 .debug_macro   0x00012952       0xa5 ./Core/Src/central_dados.o
 .debug_macro   0x000129f7      0x15f ./Core/Src/central_dados.o
 .debug_macro   0x00012b56      0x287 ./Core/Src/central_dados.o
 .debug_macro   0x00012ddd       0x5f ./Core/Src/central_dados.o
 .debug_macro   0x00012e3c      0x236 ./Core/Src/central_dados.o
 .debug_macro   0x00013072      0x9e1 ./Core/Src/central_dados.o
 .debug_macro   0x00013a53      0x38b ./Core/Src/central_dados.o
 .debug_macro   0x00013dde      0x17d ./Core/Src/central_dados.o
 .debug_macro   0x00013f5b       0xf9 ./Core/Src/central_dados.o
 .debug_macro   0x00014054      0x132 ./Core/Src/central_dados.o
 .debug_macro   0x00014186      0x264 ./Core/Src/central_dados.o
 .debug_macro   0x000143ea       0x2e ./Core/Src/central_dados.o
 .debug_macro   0x00014418      0x127 ./Core/Src/central_dados.o
 .debug_macro   0x0001453f       0x85 ./Core/Src/central_dados.o
 .debug_macro   0x000145c4       0x89 ./Core/Src/central_dados.o
 .debug_macro   0x0001464d      0x8ed ./Core/Src/central_dados.o
 .debug_macro   0x00014f3a       0x47 ./Core/Src/central_dados.o
 .debug_macro   0x00014f81      0x126 ./Core/Src/central_dados.o
 .debug_macro   0x000150a7      0x130 ./Core/Src/central_dados.o
 .debug_macro   0x000151d7       0xe2 ./Core/Src/central_dados.o
 .debug_macro   0x000152b9      0x224 ./Core/Src/main.o
 .debug_macro   0x000154dd       0x2e ./Core/Src/main.o
 .debug_macro   0x0001550b       0xe8 ./Core/Src/main.o
 .debug_macro   0x000155f3       0x22 ./Core/Src/main.o
 .debug_macro   0x00015615      0x226 ./Core/Src/maquina_estados.o
 .debug_macro   0x0001583b       0x28 ./Core/Src/maquina_estados.o
 .debug_macro   0x00015863      0x1fb ./Core/Src/stm32f4xx_hal_msp.o
 .debug_macro   0x00015a5e      0x205 ./Core/Src/stm32f4xx_it.o
 .debug_macro   0x00015c63      0x1ec ./Core/Src/system_stm32f4xx.o
 .debug_macro   0x00015e4f      0x20e ./Core/Src/tracao.o
 .debug_macro   0x0001605d      0x24c ./Drivers/STM32F4xx_HAL_Driver/Src/stm32f4xx_hal.o
 .debug_macro   0x000162a9      0x1ed ./Drivers/STM32F4xx_HAL_Driver/Src/stm32f4xx_hal_adc.o
 .debug_macro   0x00016496      0x1ec ./Drivers/STM32F4xx_HAL_Driver/Src/stm32f4xx_hal_cortex.o
 .debug_macro   0x00016682      0x1f2 ./Drivers/STM32F4xx_HAL_Driver/Src/stm32f4xx_hal_dma.o
 .debug_macro   0x00016874      0x1f2 ./Drivers/STM32F4xx_HAL_Driver/Src/stm32f4xx_hal_gpio.o
 .debug_macro   0x00016a66      0x210 ./Drivers/STM32F4xx_HAL_Driver/Src/stm32f4xx_hal_rcc.o
 .debug_macro   0x00016c76      0x1ed ./Drivers/STM32F4xx_HAL_Driver/Src/stm32f4xx_hal_tim.o
 .debug_macro   0x00016e63      0x1ec ./Drivers/STM32F4xx_HAL_Driver/Src/stm32f4xx_hal_tim_ex.o

.debug_line     0x00000000     0xe2c5
 .debug_line    0x00000000      0x770 ./Core/Src/central_dados.o
 .debug_line    0x00000770      0xd33 ./Core/Src/main.o
 .debug_line    0x000014a3      0x9bf ./Core/Src/maquina_estados.o
 .debug_line    0x00001e62      0x93f ./Core/Src/stm32f4xx_hal_msp.o
 .debug_line    0x000027a1      0x88a ./Core/Src/stm32f4xx_it.o
 .debug_line    0x0000302b      0x7ef ./Core/Src/system_stm32f4xx.o
 .debug_line    0x0000381a      0x7dd ./Core/Src/tracao.o
 .debug_line    0x00003ff7       0x7a ./Core/Startup/startup_stm32f411ceux.o
 .debug_line    0x00004071      0xa6e ./Drivers/STM32F4xx_HAL_Driver/Src/stm32f4xx_hal.o
 .debug_line    0x00004adf     0x11c2 ./Drivers/STM32F4xx_HAL_Driver/Src/stm32f4xx_hal_adc.o
 .debug_line    0x00005ca1      0xd3b ./Drivers/STM32F4xx_HAL_Driver/Src/stm32f4xx_hal_cortex.o
 .debug_line    0x000069dc      0xfd7 ./Drivers/STM32F4xx_HAL_Driver/Src/stm32f4xx_hal_dma.o
 .debug_line    0x000079b3      0xb84 ./Drivers/STM32F4xx_HAL_Driver/Src/stm32f4xx_hal_gpio.o
 .debug_line    0x00008537      0xe78 ./Drivers/STM32F4xx_HAL_Driver/Src/stm32f4xx_hal_rcc.o
 .debug_line    0x000093af     0x35b0 ./Drivers/STM32F4xx_HAL_Driver/Src/stm32f4xx_hal_tim.o
 .debug_line    0x0000c95f     0x1966 ./Drivers/STM32F4xx_HAL_Driver/Src/stm32f4xx_hal_tim_ex.o

.debug_str      0x00000000    0x94c94
 .debug_str     0x00000000    0x94c94 ./Core/Src/central_dados.o
                              0x91546 (size before relaxing)
 .debug_str     0x00094c94    0x92908 ./Core/Src/main.o
 .debug_str     0x00094c94    0x91622 ./Core/Src/maquina_estados.o
 .debug_str     0x00094c94    0x91ce9 ./Core/Src/stm32f4xx_hal_msp.o
 .debug_str     0x00094c94    0x915fa ./Core/Src/stm32f4xx_it.o
 .debug_str     0x00094c94    0x90c77 ./Core/Src/system_stm32f4xx.o
 .debug_str     0x00094c94    0x91938 ./Core/Src/tracao.o
 .debug_str     0x00094c94       0xc4 ./Core/Startup/startup_stm32f411ceux.o
 .debug_str     0x00094c94    0x916a3 ./Drivers/STM32F4xx_HAL_Driver/Src/stm32f4xx_hal.o
 .debug_str     0x00094c94    0x91252 ./Drivers/STM32F4xx_HAL_Driver/Src/stm32f4xx_hal_adc.o
 .debug_str     0x00094c94    0x9140d ./Drivers/STM32F4xx_HAL_Driver/Src/stm32f4xx_hal_cortex.o
 .debug_str     0x00094c94    0x9107f ./Drivers/STM32F4xx_HAL_Driver/Src/stm32f4xx_hal_dma.o
 .debug_str     0x00094c94    0x90df2 ./Drivers/STM32F4xx_HAL_Driver/Src/stm32f4xx_hal_gpio.o
 .debug_str     0x00094c94    0x910ab ./Drivers/STM32F4xx_HAL_Driver/Src/stm32f4xx_hal_rcc.o
 .debug_str     0x00094c94    0x91fef ./Drivers/STM32F4xx_HAL_Driver/Src/stm32f4xx_hal_tim.o
 .debug_str     0x00094c94    0x917fb ./Drivers/STM32F4xx_HAL_Driver/Src/stm32f4xx_hal_tim_ex.o

.comment        0x00000000       0x43
 .comment       0x00000000       0x43 ./Core/Src/central_dados.o
                                 0x44 (size before relaxing)
 .comment       0x00000043       0x44 ./Core/Src/main.o
 .comment       0x00000043       0x44 ./Core/Src/maquina_estados.o
 .comment       0x00000043       0x44 ./Core/Src/stm32f4xx_hal_msp.o
 .comment       0x00000043       0x44 ./Core/Src/stm32f4xx_it.o
 .comment       0x00000043       0x44 ./Core/Src/system_stm32f4xx.o
 .comment       0x00000043       0x44 ./Core/Src/tracao.o
 .comment       0x00000043       0x44 ./Drivers/STM32F4xx_HAL_Driver/Src/stm32f4xx_hal.o
 .comment       0x00000043       0x44 ./Drivers/STM32F4xx_HAL_Driver/Src/stm32f4xx_hal_adc.o
 .comment       0x00000043       0x44 ./Drivers/STM32F4xx_HAL_Driver/Src/stm32f4xx_hal_cortex.o
 .comment       0x00000043       0x44 ./Drivers/STM32F4xx_HAL_Driver/Src/stm32f4xx_hal_dma.o
 .comment       0x00000043       0x44 ./Drivers/STM32F4xx_HAL_Driver/Src/stm32f4xx_hal_gpio.o
 .comment       0x00000043       0x44 ./Drivers/STM32F4xx_HAL_Driver/Src/stm32f4xx_hal_rcc.o
 .comment       0x00000043       0x44 ./Drivers/STM32F4xx_HAL_Driver/Src/stm32f4xx_hal_tim.o
 .comment       0x00000043       0x44 ./Drivers/STM32F4xx_HAL_Driver/Src/stm32f4xx_hal_tim_ex.o

.debug_rnglists
                0x00000000      0x932
 .debug_rnglists
                0x00000000       0x8c ./Core/Src/main.o
 .debug_rnglists
                0x0000008c       0x20 ./Core/Src/maquina_estados.o
 .debug_rnglists
                0x000000ac       0x41 ./Core/Src/stm32f4xx_hal_msp.o
 .debug_rnglists
                0x000000ed       0x5b ./Core/Src/stm32f4xx_it.o
 .debug_rnglists
                0x00000148       0x1a ./Core/Src/system_stm32f4xx.o
 .debug_rnglists
                0x00000162       0x1f ./Core/Src/tracao.o
 .debug_rnglists
                0x00000181       0x19 ./Core/Startup/startup_stm32f411ceux.o
 .debug_rnglists
                0x0000019a       0xaf ./Drivers/STM32F4xx_HAL_Driver/Src/stm32f4xx_hal.o
 .debug_rnglists
                0x00000249       0xb5 ./Drivers/STM32F4xx_HAL_Driver/Src/stm32f4xx_hal_adc.o
 .debug_rnglists
                0x000002fe       0xe0 ./Drivers/STM32F4xx_HAL_Driver/Src/stm32f4xx_hal_cortex.o
 .debug_rnglists
                0x000003de       0x70 ./Drivers/STM32F4xx_HAL_Driver/Src/stm32f4xx_hal_dma.o
 .debug_rnglists
                0x0000044e       0x3f ./Drivers/STM32F4xx_HAL_Driver/Src/stm32f4xx_hal_gpio.o
 .debug_rnglists
                0x0000048d       0x66 ./Drivers/STM32F4xx_HAL_Driver/Src/stm32f4xx_hal_rcc.o
 .debug_rnglists
                0x000004f3      0x31a ./Drivers/STM32F4xx_HAL_Driver/Src/stm32f4xx_hal_tim.o
 .debug_rnglists
                0x0000080d      0x125 ./Drivers/STM32F4xx_HAL_Driver/Src/stm32f4xx_hal_tim_ex.o

.debug_frame    0x00000000     0x2e50
 .debug_frame   0x00000000      0x230 ./Core/Src/main.o
 .debug_frame   0x00000230       0x70 ./Core/Src/maquina_estados.o
 .debug_frame   0x000002a0      0x130 ./Core/Src/stm32f4xx_hal_msp.o
 .debug_frame   0x000003d0      0x168 ./Core/Src/stm32f4xx_it.o
 .debug_frame   0x00000538       0x50 ./Core/Src/system_stm32f4xx.o
 .debug_frame   0x00000588       0x6c ./Core/Src/tracao.o
 .debug_frame   0x000005f4      0x31c ./Drivers/STM32F4xx_HAL_Driver/Src/stm32f4xx_hal.o
 .debug_frame   0x00000910      0x3bc ./Drivers/STM32F4xx_HAL_Driver/Src/stm32f4xx_hal_adc.o
 .debug_frame   0x00000ccc      0x4b8 ./Drivers/STM32F4xx_HAL_Driver/Src/stm32f4xx_hal_cortex.o
 .debug_frame   0x00001184      0x230 ./Drivers/STM32F4xx_HAL_Driver/Src/stm32f4xx_hal_dma.o
 .debug_frame   0x000013b4      0x130 ./Drivers/STM32F4xx_HAL_Driver/Src/stm32f4xx_hal_gpio.o
 .debug_frame   0x000014e4      0x1d8 ./Drivers/STM32F4xx_HAL_Driver/Src/stm32f4xx_hal_rcc.o
 .debug_frame   0x000016bc     0x10e8 ./Drivers/STM32F4xx_HAL_Driver/Src/stm32f4xx_hal_tim.o
 .debug_frame   0x000027a4      0x600 ./Drivers/STM32F4xx_HAL_Driver/Src/stm32f4xx_hal_tim_ex.o
 .debug_frame   0x00002da4       0x20 C:/ST/STM32CubeIDE_2.1.1/STM32CubeIDE/plugins/com.st.stm32cube.ide.mcu.externaltools.gnu-tools-for-stm32.14.3.rel1.win32_1.0.100.202602081740/tools/bin/../lib/gcc/arm-none-eabi/14.3.1/../../../../arm-none-eabi/lib/thumb/v7e-m+fp/hard\libc_nano.a(libc_a-memset.o)
 .debug_frame   0x00002dc4       0x2c C:/ST/STM32CubeIDE_2.1.1/STM32CubeIDE/plugins/com.st.stm32cube.ide.mcu.externaltools.gnu-tools-for-stm32.14.3.rel1.win32_1.0.100.202602081740/tools/bin/../lib/gcc/arm-none-eabi/14.3.1/../../../../arm-none-eabi/lib/thumb/v7e-m+fp/hard\libc_nano.a(libc_a-init.o)
 .debug_frame   0x00002df0       0x2c C:/ST/STM32CubeIDE_2.1.1/STM32CubeIDE/plugins/com.st.stm32cube.ide.mcu.externaltools.gnu-tools-for-stm32.14.3.rel1.win32_1.0.100.202602081740/tools/bin/../lib/gcc/arm-none-eabi/14.3.1/thumb/v7e-m+fp/hard\libgcc.a(_aeabi_uldivmod.o)
 .debug_frame   0x00002e1c       0x34 C:/ST/STM32CubeIDE_2.1.1/STM32CubeIDE/plugins/com.st.stm32cube.ide.mcu.externaltools.gnu-tools-for-stm32.14.3.rel1.win32_1.0.100.202602081740/tools/bin/../lib/gcc/arm-none-eabi/14.3.1/thumb/v7e-m+fp/hard\libgcc.a(_udivmoddi4.o)

.debug_line_str
                0x00000000       0xa8
 .debug_line_str
                0x00000000       0xa8 ./Core/Startup/startup_stm32f411ceux.o
