../Core/Src/main.c:86:5:main	8	static
../Core/Src/main.c:152:6:SystemClock_Config	88	static
../Core/Src/main.c:198:13:MX_ADC1_Init	24	static
../Core/Src/main.c:260:13:MX_TIM1_Init	96	static
../Core/Src/main.c:335:13:MX_TIM2_Init	32	static
../Core/Src/main.c:383:13:MX_TIM3_Init	32	static
../Core/Src/main.c:428:13:MX_TIM5_Init	32	static
../Core/Src/main.c:476:13:MX_TIM10_Init	8	static
../Core/Src/main.c:507:13:MX_TIM11_Init	8	static
../Core/Src/main.c:536:13:MX_DMA_Init	16	static
../Core/Src/main.c:554:13:MX_GPIO_Init	48	static
../Core/Src/main.c:627:6:delay_us	16	static
../Core/Src/main.c:633:6:HAL_ADC_ConvCpltCallback	16	static
../Core/Src/main.c:642:6:HAL_TIM_IC_CaptureCallback	24	static
../Core/Src/main.c:671:6:HAL_TIM_PeriodElapsedCallback	24	static
../Core/Src/main.c:777:6:Error_Handler	4	static,ignoring_inline_asm
