../Core/Src/main.c:90:5:main	8	static
../Core/Src/main.c:162:6:SystemClock_Config	88	static
../Core/Src/main.c:208:13:MX_ADC1_Init	24	static
../Core/Src/main.c:270:13:MX_TIM1_Init	96	static
../Core/Src/main.c:345:13:MX_TIM2_Init	32	static
../Core/Src/main.c:393:13:MX_TIM3_Init	32	static
../Core/Src/main.c:438:13:MX_TIM5_Init	32	static
../Core/Src/main.c:486:13:MX_TIM10_Init	8	static
../Core/Src/main.c:517:13:MX_TIM11_Init	8	static
../Core/Src/main.c:546:13:MX_DMA_Init	16	static
../Core/Src/main.c:564:13:MX_GPIO_Init	48	static
../Core/Src/main.c:635:6:delay_us	16	static
../Core/Src/main.c:641:6:HAL_ADC_ConvCpltCallback	16	static
../Core/Src/main.c:650:6:HAL_TIM_IC_CaptureCallback	24	static
../Core/Src/main.c:679:6:HAL_TIM_PeriodElapsedCallback	24	static
../Core/Src/main.c:784:6:Error_Handler	4	static,ignoring_inline_asm
